{'searched_artist': 'Grandaddy', 'artists': [{'external_urls': {'spotify': 'https://open.spotify.com/artist/3kbBWco9PZ5eSQsNScwG6U'}, 'followers': {'href': None, 'total': 171968}, 'genres': ['alternative pop', 'alternative rock', 'anti-folk', 'dream pop', 'experimental rock', 'freak folk', 'idaho indie', 'indie pop', 'indie rock', 'lo-fi', 'modern rock', 'noise pop', 'noise rock', 'slow core', 'stomp and holler'], 'href': 'https://api.spotify.com/v1/artists/3kbBWco9PZ5eSQsNScwG6U', 'id': '3kbBWco9PZ5eSQsNScwG6U', 'images': [{'height': 1000, 'url': 'https://i.scdn.co/image/4f82edb9d34266ed6bdc84301a11552dc731aaea', 'width': 1000}, {'height': 640, 'url': 'https://i.scdn.co/image/a7eefa9662ddd1da3612020080225442928def98', 'width': 640}, {'height': 200, 'url': 'https://i.scdn.co/image/80a5678cdc443e000f3c771bb7354dde65d38e87', 'width': 200}, {'height': 64, 'url': 'https://i.scdn.co/image/4a47faca8124abe3a773952c8f532b8e309ef42b', 'width': 64}], 'name': 'Built To Spill', 'popularity': 57, 'type': 'artist', 'uri': 'spotify:artist:3kbBWco9PZ5eSQsNScwG6U'}, {'external_urls': {'spotify': 'https://open.spotify.com/artist/77oD8X9qLXZhpbCjv53l5n'}, 'followers': {'href': None, 'total': 70862}, 'genres': ['alternative rock', 'anti-folk', 'art pop', 'art rock', 'buffalo ny indie', 'chamber pop', 'chamber psych', 'dream pop', 'indie rock', 'lo-fi', 'melancholia', 'noise pop', 'shoegaze', 'singer-songwriter', 'slow core'], 'href': 'https://api.spotify.com/v1/artists/77oD8X9qLXZhpbCjv53l5n', 'id': '77oD8X9qLXZhpbCjv53l5n', 'images': [{'height': 1000, 'url': 'https://i.scdn.co/image/9d1264b7245fddbbe7559bbb0b91205b93d0fbce', 'width': 1000}, {'height': 640, 'url': 'https://i.scdn.co/image/0bb21865b9ef60ac1dee158a994492deaa329cc9', 'width': 640}, {'height': 200, 'url': 'https://i.scdn.co/image/e873140cd78cc6eab0039aa88c17b4eced90cf73', 'width': 200}, {'height': 64, 'url': 'https://i.scdn.co/image/eda3daf92fdd0b6b4e81b8e4fabb116253c52de7', 'width': 64}], 'name': 'Mercury Rev', 'popularity': 51, 'type': 'artist', 'uri': 'spotify:artist:77oD8X9qLXZhpbCjv53l5n'}, {'external_urls': {'spotify': 'https://open.spotify.com/artist/64tVHZVSAZhDEiOJxnb6hE'}, 'followers': {'href': None, 'total': 91570}, 'genres': ['alternative rock', 'freak folk', 'indie rock', 'lo-fi', 'melancholia', 'noise pop', 'slow core'], 'href': 'https://api.spotify.com/v1/artists/64tVHZVSAZhDEiOJxnb6hE', 'id': '64tVHZVSAZhDEiOJxnb6hE', 'images': [{'height': 401, 'url': 'https://i.scdn.co/image/7b7a5ba3a0de71a6da0421cf9800f638ea4f1f41', 'width': 600}, {'height': 134, 'url': 'https://i.scdn.co/image/37d7f10c4784f31a60d830fbe785b128ac23c3b9', 'width': 200}, {'height': 43, 'url': 'https://i.scdn.co/image/f3d3956757654f8e32dd97e2aeb85296aae7a37d', 'width': 64}], 'name': 'Sparklehorse', 'popularity': 52, 'type': 'artist', 'uri': 'spotify:artist:64tVHZVSAZhDEiOJxnb6hE'}, {'external_urls': {'spotify': 'https://open.spotify.com/artist/2BqjUvq3HLFWNi1buGVxem'}, 'followers': {'href': None, 'total': 8450}, 'genres': [], 'href': 'https://api.spotify.com/v1/artists/2BqjUvq3HLFWNi1buGVxem', 'id': '2BqjUvq3HLFWNi1buGVxem', 'images': [{'height': 667, 'url': 'https://i.scdn.co/image/afba58ce471975ccc0cc42bf6bcd1e4c6db941d3', 'width': 1000}, {'height': 427, 'url': 'https://i.scdn.co/image/d0dfa0de92729a47f074f394c2a42efaf1f69ec3', 'width': 640}, {'height': 133, 'url': 'https://i.scdn.co/image/d15f6947ad65840c6af14c94cf03aa5e3bb20d6b', 'width': 200}, {'height': 43, 'url': 'https://i.scdn.co/image/35a11453ce2c069c8ffa6892590dafb542d002eb', 'width': 64}], 'name': 'Jason Lytle', 'popularity': 28, 'type': 'artist', 'uri': 'spotify:artist:2BqjUvq3HLFWNi1buGVxem'}, {'external_urls': {'spotify': 'https://open.spotify.com/artist/0fiUV7n91Qqmgln2vQMVdO'}, 'followers': {'href': None, 'total': 8951}, 'genres': ['alternative pop', 'e6fi', 'gbvfi', 'lo-fi'], 'href': 'https://api.spotify.com/v1/artists/0fiUV7n91Qqmgln2vQMVdO', 'id': '0fiUV7n91Qqmgln2vQMVdO', 'images': [{'height': 800, 'url': 'https://i.scdn.co/image/6cc635e74ddb373dbdb8fc7781f7c40311310e1e', 'width': 1000}, {'height': 512, 'url': 'https://i.scdn.co/image/006beb9a16972fb92a5fc5314250e583fb11ad89', 'width': 640}, {'height': 160, 'url': 'https://i.scdn.co/image/24b6fc963040dc8437dbb666ffe67ba1750db469', 'width': 200}, {'height': 51, 'url': 'https://i.scdn.co/image/98c24aff1169d767c3d7dfb1797ff64815230c2a', 'width': 64}], 'name': 'Quasi', 'popularity': 30, 'type': 'artist', 'uri': 'spotify:artist:0fiUV7n91Qqmgln2vQMVdO'}, {'external_urls': {'spotify': 'https://open.spotify.com/artist/0O5sXbPJPWbHKnbLfdLARS'}, 'followers': {'href': None, 'total': 13815}, 'genres': ['alternative rock', 'athens indie', 'e6fi', 'gbvfi', 'indie rock', 'lo-fi'], 'href': 'https://api.spotify.com/v1/artists/0O5sXbPJPWbHKnbLfdLARS', 'id': '0O5sXbPJPWbHKnbLfdLARS', 'images': [{'height': 712, 'url': 'https://i.scdn.co/image/b93b8999cdc09ed53a4b1db8039454da3242bed5', 'width': 1000}, {'height': 456, 'url': 'https://i.scdn.co/image/b26b553e19013e629eefd35e3b4b724febf577d8', 'width': 640}, {'height': 142, 'url': 'https://i.scdn.co/image/03230c0bcc54e689f67faadbd5371a0a8c9dfb3a', 'width': 199}, {'height': 46, 'url': 'https://i.scdn.co/image/54b3b5ce2f35bb6051fe0336a989475617c511e7', 'width': 64}], 'name': 'Beulah', 'popularity': 35, 'type': 'artist', 'uri': 'spotify:artist:0O5sXbPJPWbHKnbLfdLARS'}, {'external_urls': {'spotify': 'https://open.spotify.com/artist/3inCNiUr4R6XQ3W43s9Aqi'}, 'followers': {'href': None, 'total': 272431}, 'genres': ['alternative pop', 'alternative rock', 'anti-folk', 'art rock', 'chamber pop', 'dance rock', 'dance-punk', 'dream pop', 'freak folk', 'garage psych', 'garage rock', 'indie folk', 'indie pop', 'indie rock', 'lo-fi', 'modern rock', 'new wave', 'noise pop', 'noise rock', 'rock', 'slow core'], 'href': 'https://api.spotify.com/v1/artists/3inCNiUr4R6XQ3W43s9Aqi', 'id': '3inCNiUr4R6XQ3W43s9Aqi', 'images': [{'height': 1104, 'url': 'https://i.scdn.co/image/80c16daae85fd73f63aa9d64a30aa4029056bea3', 'width': 1000}, {'height': 707, 'url': 'https://i.scdn.co/image/7972236ed86e8c7b82d12eeef5057e30a7b2fd91', 'width': 640}, {'height': 221, 'url': 'https://i.scdn.co/image/c612de80bff5150a061ab7e2f13b60ee465d3f51', 'width': 200}, {'height': 71, 'url': 'https://i.scdn.co/image/2772384cbf7185632bd7f64bd81bbfcc0a52d2e1', 'width': 64}], 'name': 'Pavement', 'popularity': 62, 'type': 'artist', 'uri': 'spotify:artist:3inCNiUr4R6XQ3W43s9Aqi'}, {'external_urls': {'spotify': 'https://open.spotify.com/artist/0WISkx0PwT6lYWdPqKUJY8'}, 'followers': {'href': None, 'total': 37037}, 'genres': ['alternative rock', 'freak folk', 'gbvfi', 'indie rock', 'lo-fi', 'noise pop', 'slow core'], 'href': 'https://api.spotify.com/v1/artists/0WISkx0PwT6lYWdPqKUJY8', 'id': '0WISkx0PwT6lYWdPqKUJY8', 'images': [{'height': 640, 'url': 'https://i.scdn.co/image/1c1750891355e9f8c3376d9e054d99d34777df36', 'width': 640}, {'height': 320, 'url': 'https://i.scdn.co/image/4c769a26029b3a2e52630445aaa1fdd4624ee804', 'width': 320}, {'height': 160, 'url': 'https://i.scdn.co/image/6179c694f66aa8f9a6a347fd758e8d9c2b977bea', 'width': 160}], 'name': 'Stephen Malkmus', 'popularity': 44, 'type': 'artist', 'uri': 'spotify:artist:0WISkx0PwT6lYWdPqKUJY8'}, {'external_urls': {'spotify': 'https://open.spotify.com/artist/2LMR8u7DOMF0FBseDpTsRa'}, 'followers': {'href': None, 'total': 62143}, 'genres': ['alternative rock', 'britpop', 'scottish indie'], 'href': 'https://api.spotify.com/v1/artists/2LMR8u7DOMF0FBseDpTsRa', 'id': '2LMR8u7DOMF0FBseDpTsRa', 'images': [{'height': 728, 'url': 'https://i.scdn.co/image/95c0f1f6c272e824b48cf242b16a913b5bcbe37a', 'width': 1000}, {'height': 466, 'url': 'https://i.scdn.co/image/7426f117dbc27b1a6766de58bdb305505bc10f14', 'width': 640}, {'height': 146, 'url': 'https://i.scdn.co/image/93efba57635d78b66a9b74101dbfeb7360075d0b', 'width': 200}, {'height': 47, 'url': 'https://i.scdn.co/image/8bd14d99b368342e8fe110b423dbae89b1c6167a', 'width': 64}], 'name': 'The Beta Band', 'popularity': 50, 'type': 'artist', 'uri': 'spotify:artist:2LMR8u7DOMF0FBseDpTsRa'}, {'external_urls': {'spotify': 'https://open.spotify.com/artist/4a2nAPF15Gv8V65Ba3IJSB'}, 'followers': {'href': None, 'total': 31673}, 'genres': ['alternative rock', 'athens indie', 'collage pop', 'e6fi', 'experimental pop', 'experimental rock', 'freak folk', 'gbvfi', 'indie rock', 'lo-fi', 'noise pop', 'slow core'], 'href': 'https://api.spotify.com/v1/artists/4a2nAPF15Gv8V65Ba3IJSB', 'id': '4a2nAPF15Gv8V65Ba3IJSB', 'images': [{'height': 640, 'url': 'https://i.scdn.co/image/ab67616d0000b2730c8f1c08654b1bb5ce72d0fe', 'width': 640}, {'height': 300, 'url': 'https://i.scdn.co/image/ab67616d00001e020c8f1c08654b1bb5ce72d0fe', 'width': 300}, {'height': 64, 'url': 'https://i.scdn.co/image/ab67616d000048510c8f1c08654b1bb5ce72d0fe', 'width': 64}], 'name': 'The Olivia Tremor Control', 'popularity': 40, 'type': 'artist', 'uri': 'spotify:artist:4a2nAPF15Gv8V65Ba3IJSB'}, {'external_urls': {'spotify': 'https://open.spotify.com/artist/04cetTUz2JTzXBqFKO5YB5'}, 'followers': {'href': None, 'total': 11237}, 'genres': ['alternative rock', 'gbvfi', 'indie rock', 'lo-fi', 'new jersey indie', 'noise pop', 'slow core'], 'href': 'https://api.spotify.com/v1/artists/04cetTUz2JTzXBqFKO5YB5', 'id': '04cetTUz2JTzXBqFKO5YB5', 'images': [{'height': 301, 'url': 'https://i.scdn.co/image/828ee5ef2dae05391acdbe1cd2f353c47dea4176', 'width': 450}, {'height': 134, 'url': 'https://i.scdn.co/image/6004c7a36ec844864fd0eedfe77d61c9f6f5774d', 'width': 200}, {'height': 43, 'url': 'https://i.scdn.co/image/c459e4816ef04c6eacaa21d53acc1d7f791de526', 'width': 64}], 'name': 'The Wrens', 'popularity': 32, 'type': 'artist', 'uri': 'spotify:artist:04cetTUz2JTzXBqFKO5YB5'}, {'external_urls': {'spotify': 'https://open.spotify.com/artist/4YsP5zmteLQ7etNjHAOu30'}, 'followers': {'href': None, 'total': 90785}, 'genres': ['austindie', 'chamber pop', 'denton tx indie', 'freak folk', 'indie folk', 'modern folk rock', 'stomp and holler'], 'href': 'https://api.spotify.com/v1/artists/4YsP5zmteLQ7etNjHAOu30', 'id': '4YsP5zmteLQ7etNjHAOu30', 'images': [{'height': 640, 'url': 'https://i.scdn.co/image/bbd5438fc2943c292d12840cd7f2935466d829ff', 'width': 640}, {'height': 320, 'url': 'https://i.scdn.co/image/6b5b0d9e606a837356681065eecef7a725869a34', 'width': 320}, {'height': 160, 'url': 'https://i.scdn.co/image/6ba1a0206e0314f795a4ced4f2dce16d8fda67d3', 'width': 160}], 'name': 'Midlake', 'popularity': 51, 'type': 'artist', 'uri': 'spotify:artist:4YsP5zmteLQ7etNjHAOu30'}, {'external_urls': {'spotify': 'https://open.spotify.com/artist/4oV5EVJ0XFWsJKoOvdRPvl'}, 'followers': {'href': None, 'total': 94290}, 'genres': ['alternative pop', 'alternative rock', 'anti-folk', 'art rock', 'dance rock', 'dream pop', 'e6fi', 'experimental rock', 'freak folk', 'garage psych', 'garage rock', 'gbvfi', 'indie pop', 'indie punk', 'indie rock', 'jangle pop', 'lo-fi', 'modern power pop', 'noise pop', 'noise rock', 'ohio indie', 'post-hardcore', 'power pop', 'shoegaze', 'singer-songwriter', 'slow core'], 'href': 'https://api.spotify.com/v1/artists/4oV5EVJ0XFWsJKoOvdRPvl', 'id': '4oV5EVJ0XFWsJKoOvdRPvl', 'images': [{'height': 640, 'url': 'https://i.scdn.co/image/6c57c14c7461bda2bc6ac95134ec7d5e737037bf', 'width': 640}, {'height': 320, 'url': 'https://i.scdn.co/image/71a337fc76f0d4f544865a7c0ea2179b13308160', 'width': 320}, {'height': 160, 'url': 'https://i.scdn.co/image/ff0d48a956f14592e701a41a17d338b29af394f2', 'width': 160}], 'name': 'Guided By Voices', 'popularity': 54, 'type': 'artist', 'uri': 'spotify:artist:4oV5EVJ0XFWsJKoOvdRPvl'}, {'external_urls': {'spotify': 'https://open.spotify.com/artist/7wyRA7deGRxozTyBc6QXPe'}, 'followers': {'href': None, 'total': 50598}, 'genres': ['alternative rock', 'freak folk', 'gbvfi', 'indie rock', 'lo-fi', 'noise pop', 'portland indie', 'slow core'], 'href': 'https://api.spotify.com/v1/artists/7wyRA7deGRxozTyBc6QXPe', 'id': '7wyRA7deGRxozTyBc6QXPe', 'images': [{'height': 640, 'url': 'https://i.scdn.co/image/877dbe7ceaaff055636dd6f3bec77849c42b70cc', 'width': 640}, {'height': 320, 'url': 'https://i.scdn.co/image/469ef6f850b988c8e4553a20773849db5e3a3220', 'width': 320}, {'height': 160, 'url': 'https://i.scdn.co/image/9f013ecd8fe0268d5e647dba60ca0dea33bcc32b', 'width': 160}], 'name': 'Stephen Malkmus & The Jicks', 'popularity': 44, 'type': 'artist', 'uri': 'spotify:artist:7wyRA7deGRxozTyBc6QXPe'}, {'external_urls': {'spotify': 'https://open.spotify.com/artist/2wrhBKGC3DTNNNDRJPaxW6'}, 'followers': {'href': None, 'total': 64951}, 'genres': ['alternative pop', 'alternative rock', 'dream pop', 'experimental rock', 'gbvfi', 'indie rock', 'lo-fi', 'math rock', 'noise pop', 'noise rock', 'post-hardcore', 'power pop', 'shoegaze', 'slow core', 'western mass indie'], 'href': 'https://api.spotify.com/v1/artists/2wrhBKGC3DTNNNDRJPaxW6', 'id': '2wrhBKGC3DTNNNDRJPaxW6', 'images': [{'height': 640, 'url': 'https://i.scdn.co/image/c453e331bf327a2996e8473cc2de4f5377c8ecac', 'width': 640}, {'height': 320, 'url': 'https://i.scdn.co/image/4db53632bc0f52539c7520d66e66b2348214238a', 'width': 320}, {'height': 160, 'url': 'https://i.scdn.co/image/685682ea703d974358c299e236006a73506d4e9d', 'width': 160}], 'name': 'Sebadoh', 'popularity': 45, 'type': 'artist', 'uri': 'spotify:artist:2wrhBKGC3DTNNNDRJPaxW6'}, {'external_urls': {'spotify': 'https://open.spotify.com/artist/5hAhrnb0Ch4ODwWu4tsbpi'}, 'followers': {'href': None, 'total': 296250}, 'genres': ['alternative rock', 'art pop', 'chamber pop', 'dream pop', 'freak folk', 'indie folk', 'indie pop', 'indie rock', 'lo-fi', 'new jersey indie', 'noise pop', 'permanent wave', 'rock', 'slow core'], 'href': 'https://api.spotify.com/v1/artists/5hAhrnb0Ch4ODwWu4tsbpi', 'id': '5hAhrnb0Ch4ODwWu4tsbpi', 'images': [{'height': 640, 'url': 'https://i.scdn.co/image/46bebf63d806c1fb8a278f843f99293ed6694f83', 'width': 640}, {'height': 320, 'url': 'https://i.scdn.co/image/f8dc1e823c05bc5280fb11217148bce96d65687b', 'width': 320}, {'height': 160, 'url': 'https://i.scdn.co/image/4c5b7c1c569204632f19b863ed4ca8a1d75604a1', 'width': 160}], 'name': 'Yo La Tengo', 'popularity': 65, 'type': 'artist', 'uri': 'spotify:artist:5hAhrnb0Ch4ODwWu4tsbpi'}, {'external_urls': {'spotify': 'https://open.spotify.com/artist/16eRpMNXSQ15wuJoeqguaB'}, 'followers': {'href': None, 'total': 510217}, 'genres': ['alternative rock', 'art rock', 'chamber pop', 'garage rock', 'indie pop', 'indie rock', 'lo-fi', 'modern rock', 'noise pop', 'okc indie', 'rock'], 'href': 'https://api.spotify.com/v1/artists/16eRpMNXSQ15wuJoeqguaB', 'id': '16eRpMNXSQ15wuJoeqguaB', 'images': [{'height': 640, 'url': 'https://i.scdn.co/image/73f86328920c0c31b1bd483fe0d0f7d1cb1c404a', 'width': 640}, {'height': 320, 'url': 'https://i.scdn.co/image/31973c886e5954c9e5b442e5f55b8d937819cb31', 'width': 320}, {'height': 160, 'url': 'https://i.scdn.co/image/ff54f5622fb8856603f56948374f27f8a3a4043a', 'width': 160}], 'name': 'The Flaming Lips', 'popularity': 64, 'type': 'artist', 'uri': 'spotify:artist:16eRpMNXSQ15wuJoeqguaB'}, {'external_urls': {'spotify': 'https://open.spotify.com/artist/7L5HH5QtkDe7u2hJ1FUKFo'}, 'followers': {'href': None, 'total': 51057}, 'genres': ['alternative rock', 'anti-folk', 'canadian indie', 'dance-punk', 'e6fi', 'freak folk', 'indie pop', 'indie rock', 'lo-fi', 'noise pop'], 'href': 'https://api.spotify.com/v1/artists/7L5HH5QtkDe7u2hJ1FUKFo', 'id': '7L5HH5QtkDe7u2hJ1FUKFo', 'images': [{'height': 640, 'url': 'https://i.scdn.co/image/ab67616d0000b2732404c2fa59669217e9c064f0', 'width': 640}, {'height': 300, 'url': 'https://i.scdn.co/image/ab67616d00001e022404c2fa59669217e9c064f0', 'width': 300}, {'height': 64, 'url': 'https://i.scdn.co/image/ab67616d000048512404c2fa59669217e9c064f0', 'width': 64}], 'name': 'The Unicorns', 'popularity': 44, 'type': 'artist', 'uri': 'spotify:artist:7L5HH5QtkDe7u2hJ1FUKFo'}, {'external_urls': {'spotify': 'https://open.spotify.com/artist/6kFay2DQ5aZfeu5OsrF3Pw'}, 'followers': {'href': None, 'total': 134643}, 'genres': ['alternative rock', 'chamber pop', 'dance-punk', 'freak folk', 'garage rock', 'indie pop', 'indie rock', 'lo-fi', 'modern rock', 'noise pop', 'stomp and holler'], 'href': 'https://api.spotify.com/v1/artists/6kFay2DQ5aZfeu5OsrF3Pw', 'id': '6kFay2DQ5aZfeu5OsrF3Pw', 'images': [{'height': 1500, 'url': 'https://i.scdn.co/image/319dd01fb04966666d6af860ac4b3e7d3217defb', 'width': 1000}, {'height': 960, 'url': 'https://i.scdn.co/image/8748f67c719eb4dea2fabac85b5b7b2c5b877beb', 'width': 640}, {'height': 300, 'url': 'https://i.scdn.co/image/7158cd37e55b31a86c2f706092dd2b245861578e', 'width': 200}, {'height': 96, 'url': 'https://i.scdn.co/image/d3cf0f5c9ea99df4ac898b7607515dab1996187c', 'width': 64}], 'name': 'The Walkmen', 'popularity': 53, 'type': 'artist', 'uri': 'spotify:artist:6kFay2DQ5aZfeu5OsrF3Pw'}, {'external_urls': {'spotify': 'https://open.spotify.com/artist/5KIrQe9pb7tn8y775PsoAP'}, 'followers': {'href': None, 'total': 29170}, 'genres': ['alternative rock', 'athens indie', 'denver indie', 'e6fi', 'gbvfi', 'lo-fi'], 'href': 'https://api.spotify.com/v1/artists/5KIrQe9pb7tn8y775PsoAP', 'id': '5KIrQe9pb7tn8y775PsoAP', 'images': [{'height': 667, 'url': 'https://i.scdn.co/image/bbefc31f2b4a33cabadf985ac57bae852ede182d', 'width': 1000}, {'height': 427, 'url': 'https://i.scdn.co/image/b2fd0e8f56ca0e600170d418e48be6ff3df7e28c', 'width': 640}, {'height': 133, 'url': 'https://i.scdn.co/image/344e2012cb7ccbf6b2775a5ece0a66a39b00f5ba', 'width': 200}, {'height': 43, 'url': 'https://i.scdn.co/image/ad1a429e0a9c5975cf7b0e87f65ea804ff9c4420', 'width': 64}], 'name': 'The Apples In Stereo', 'popularity': 42, 'type': 'artist', 'uri': 'spotify:artist:5KIrQe9pb7tn8y775PsoAP'}]}
